Make the chat container have a maximum width of 800 pixels