<<<<<<< ORIGINAL
      if state.output:
        me.text(
          state.output,
          style=me.Style(font_weight=500, color=me.theme_var("primary")),
        )
=======
      if state.output:
        with me.box(
          style=me.Style(
            margin=me.Margin.symmetric(vertical=16),
            padding=me.Padding.all(16),
            border_radius=8,
            background=me.theme_var("surface-variant"),
            box_shadow="0 2px 4px rgba(0,0,0,0.05)",
          )
        ):
          me.text(
            "Response:",
            style=me.Style(
              font_weight=600,
              font_size=16,
              margin=me.Margin(bottom=8),
              color=me.theme_var("on-surface-variant"),
            ),
          )
          me.text(
            state.output,
            style=me.Style(
              font_weight=400,
              color=me.theme_var("on-surface-variant"),
            ),
          )
>>>>>>> UPDATED