Change the color of the header to be the secondary theme color