create a header-body (with sidebar)-footer layout
