<<<<<<< ORIGINAL
            # Bot message response
            me.markdown( # <--- EDIT HERE
              msg.content,
              style=me.Style(color=me.theme_var("on-surface")),
            )
            with me.box(
              style=me.Style(
                display="flex",
                gap=10,
                margin=me.Margin(top=8),
              )
            ):
              with me.content_button(
                type="icon",
                style=me.Style(
                  background=me.theme_var("surface-container-low"),
                ),
              ):
                me.icon("thumb_up")
              with me.content_button(
                type="icon",
                style=me.Style(
                  background=me.theme_var("surface-container-low"),
                ),
              ):
                me.icon("thumb_down")
              with me.content_button(
                type="icon",
                style=me.Style(
                  background=me.theme_var("surface-container-low"),
                ),
              ):
                me.icon("refresh")
=======
            with me.box(
              style=me.Style(display="flex", flex_direction="column")
            ):
              # Bot message response
              me.markdown( # <--- EDIT HERE
                msg.content,
                style=me.Style(color=me.theme_var("on-surface")),
              )

              with me.box(
                style=me.Style(
                  display="flex",
                  gap=10,
                  margin=me.Margin(top=8),
                )
              ):
                with me.content_button(
                  type="icon",
                  style=me.Style(
                    background=me.theme_var("surface-container-low"),
                  ),
                ):
                  me.icon("thumb_up")
                with me.content_button(
                  type="icon",
                  style=me.Style(
                    background=me.theme_var("surface-container-low"),
                  ),
                ):
                  me.icon("thumb_down")
                with me.content_button(
                  type="icon",
                  style=me.Style(
                    background=me.theme_var("surface-container-low"),
                  ),
                ):
                  me.icon("refresh")
>>>>>>> UPDATED
