<<<<<<< ORIGINAL
@me.page()
def page():
    with me.box(style=me.Style(padding=me.Padding.all(16), display="flex", flex_direction="column", align_items="flex-start")):
        with me.content_button(type="icon", on_click=icon_button_click, style=me.Style(margin=me.Margin(bottom=16), border_radius=8)):
            me.icon("add")
        content()
=======
@me.page()
def page():
    with me.box(style=me.Style(padding=me.Padding.all(16), display="flex", flex_direction="column", align_items="flex-start")):
        with me.tooltip(message="Add new item"):
            with me.content_button(on_click=icon_button_click, style=me.Style(margin=me.Margin(bottom=16), border_radius=8)):
                me.icon("add")
        content()
>>>>>>> UPDATED