<<<<<<< ORIGINAL
@me.page(path="/ai")
def page():
  state = me.state(State)
  with me.box(
    style=me.Style(
      color=me.theme_var("on-surface"),
      background=me.theme_var("surface-container-lowest"),
      display="flex",
      flex_direction="column",
      height="100%",
      padding=me.Padding.all(15),
    )
  ):
=======
@me.page(path="/ai")
def page():
  state = me.state(State)
  with me.box(
    style=me.Style(
      color=me.theme_var("on-surface"),
      background=me.theme_var("surface-container-lowest"),
      display="flex",
      flex_direction="column",
      height="100%",
      padding=me.Padding.all(15),
    )
  ):
    # Fancy header
    with me.box(
      style=me.Style(
        background=me.theme_var("primary"),
        padding=me.Padding.all(16),
        border_radius=8,
        margin=me.Margin(bottom=20),
        display="flex",
        align_items="center",
      )
    ):
      me.icon("chat", style=me.Style(color=me.theme_var("on-primary"), font_size=24))
      me.text(
        "AI Chatbot",
        style=me.Style(
          color=me.theme_var("on-primary"),
          font_size=24,
          font_weight="bold",
          margin=me.Margin(left=12),
        ),
      )
      me.text(
        "Talk to our intelligent assistant",
        style=me.Style(
          color=me.theme_var("on-primary"),
          font_size=16,
          margin=me.Margin(left=12),
        ),
      )
>>>>>>> UPDATED
