{"error": [], "error_count": 0, "success_count": 56}
