<<<<<<< ORIGINAL
              me.text(text=f"Card {i+1}", type="subtitle-1", style=me.Style(margin=me.Margin(bottom=8)))
              me.text(text="This is a description of the card content.", type="body-2", style=me.Style(text_align="center"))
              me.button("Action", on_click=lambda e: print(f"Card {i+1} clicked"), type="flat", style=me.Style(margin=me.Margin(top=12)))
=======
              me.text(text=f"Card {i+1}", type="subtitle-1", style=me.Style(
                  margin=me.Margin(bottom=8),
                  color=me.theme_var("primary"),
                  font_weight="bold"
              ))
              me.text(text="This is a description of the card content.", type="body-2", style=me.Style(
                  text_align="center",
                  color=me.theme_var("on-surface")
              ))
              me.button("Action", on_click=lambda e: print(f"Card {i+1} clicked"), type="flat", style=me.Style(margin=me.Margin(top=12)))
>>>>>>> UPDATED