<<<<<<< ORIGINAL
def _style_container(show_preview: bool = True) -> me.Style:
  return me.Style(
    background=_BACKGROUND_COLOR,
    color=_FONT_COLOR,
    display="grid",
    grid_template_columns="2fr 4fr 4fr" if show_preview else "2fr 8fr",
    height="100vh",
  )
=======
def _style_container(show_preview: bool = True) -> me.Style:
  return me.Style(
    background=me.theme_var("surface"),
    color=me.theme_var("on-surface"),
    display="grid",
    grid_template_columns="2fr 4fr 4fr" if show_preview else "2fr 8fr",
    height="100vh",
  )
>>>>>>> UPDATED