<<<<<<< ORIGINAL
def example_box(example: str, is_mobile: bool):
  with me.box(
    style=me.Style(
      width="100%" if is_mobile else 200,
      height=140,
      background="#F0F4F9",
      padding=me.Padding.all(16),
      font_weight=500,
      line_height="1.5",
      border_radius=16,
      cursor="pointer",
    ),
    key=example,
    on_click=click_example_box,
  ):
    me.text(example)
=======
def example_box(example: str, is_mobile: bool):
  with me.box(
    style=me.Style(
      width="100%" if is_mobile else 200,
      height=140,
      background=me.theme_var("surface"),
      padding=me.Padding.all(16),
      font_weight=500,
      line_height="1.5",
      border_radius=12,
      cursor="pointer",
      display="flex",
      align_items="center",
      justify_content="center",
      box_shadow="0 4px 6px rgba(0, 0, 0, 0.1)",
    ),
    key=example,
    on_click=click_example_box,
  ):
    me.text(example, style=me.Style(
      color=me.theme_var("on-surface"),
      font_size=16,
      text_align="center",
    ))
>>>>>>> UPDATED