<<<<<<< ORIGINAL
    me.text(
      "Welcome to the README App",
      style=me.Style(font_size=24, margin=me.Margin(bottom=16)),
    )
=======
    me.text(
      "Welcome to the Prompt Generator",
      style=me.Style(font_size=24, margin=me.Margin(bottom=16)),
    )
>>>>>>> UPDATED