Add regenerate button next to the thumbs up thumbs down icons