<<<<<<< ORIGINAL
    with me.box( # <--- EDIT HERE
      style=me.Style(
        background="cyan",
        height=50,
        margin=me.Margin.symmetric(vertical=24, horizontal=12),
        border=me.Border.symmetric(
          horizontal=me.BorderSide(width=2, color="black", style="groove")
        ),
      )
    ):
      me.text(text="Example with left and right borders")
=======
    with me.box(
      style=me.Style(
        display="flex",
        align_items="center",
        background=me.theme_var("surface"),
        height=60,
        margin=me.Margin.symmetric(vertical=16, horizontal=12),
        border=me.Border.all(me.BorderSide(width=1, color=me.theme_var("outline"))),
        border_radius=8,
        box_shadow="0 2px 4px rgba(0, 0, 0, 0.1)",
      )
    ):
      me.icon(icon="border_left", style=me.Style(margin=me.Margin(right=8), color=me.theme_var("primary")))
      me.text(
        text="Example with left and right borders",
        style=me.Style(color=me.theme_var("on-surface"), font_size=16, font_weight=500)
      )
>>>>>>> UPDATED