<<<<<<< ORIGINAL
@me.page(
  security_policy=me.SecurityPolicy(
    allowed_iframe_parents=["https://google.github.io"]
  ),
  path="/box",
)
def app():
  with me.box(style=me.Style(background="red", padding=me.Padding.all(16))):
=======
@me.page(
  security_policy=me.SecurityPolicy(
    allowed_iframe_parents=["https://google.github.io"]
  ),
  path="/box",
)
def app():
  with me.box(style=me.Style(background="red", padding=me.Padding.all(16))):
    # Card at the top
    with me.box(
      style=me.Style(
        background=me.theme_var("surface"),
        padding=me.Padding.all(16),
        margin=me.Margin(bottom=24),
        border=me.Border.all(me.BorderSide(width=1, color=me.theme_var("outline"))),
        border_radius=8,
        box_shadow="0 2px 4px rgba(0, 0, 0, 0.05)",
      )
    ):
      me.text(
        text="Welcome to My App",
        style=me.Style(
          color=me.theme_var("on-surface"),
          font_size=24,
          font_weight=600,
          margin=me.Margin(bottom=8),
      )
      )
      me.text(
        text="This is a simple card component created for demonstration purposes.",
        style=me.Style(
          color=me.theme_var("on-surface-variant"),
          font_size=16,
          font_weight=400,
        )
      )
>>>>>>> UPDATED