<<<<<<< ORIGINAL
        if msg.role == "user":
          with me.box(
            style=me.Style(
              background=me.theme_var("primary-container"),
              border_radius=12,
              padding=me.Padding.all(12),
              margin=me.Margin.symmetric(vertical=8, horizontal=20),
              display="flex",
              align_items="center",
              max_width="75%",
              box_shadow="0 2px 4px rgba(0, 0, 0, 0.1)",
            )
          ):
            # User query
            me.markdown(
              msg.content,
              style=me.Style(
                color=me.theme_var("on-primary-container"),
                font_size=14,
                line_height="1.5",
              ),
            )
=======
        if msg.role == "user":
          with me.box(
            style=me.Style(
              align_items="center",
              display="flex",
              justify_content="end",
            ),
          ):
            with me.box(
              style=me.Style(
                background=me.theme_var("primary-container"),
                border_radius=12,
                padding=me.Padding.all(12),
                margin=me.Margin.symmetric(vertical=8, horizontal=20),
                box_shadow="0 2px 4px rgba(0, 0, 0, 0.1)",
                width="75%",
              )
            ):
              # User query
              me.markdown(
                msg.content,
                style=me.Style(
                  color=me.theme_var("on-primary-container"),
                  font_size=14,
                  line_height="1.5",
                ),
              )
>>>>>>> UPDATED
