<<<<<<< ORIGINAL
def sidenav():
  with me.box(
    style=me.Style(
      width=216,
      height="100%",
      background=me.theme_var("surface-container-low"),
      padding=me.Padding.all(16),
    )
  ):
    with me.box(
      style=me.Style(
        padding=me.Padding(top=24),
        display="flex",
        flex_direction="column",
        gap=8,
      ),
    ):
      me.text(
        "Sidenav",
        style=me.Style(
          font_weight=500,
          letter_spacing="0.4px",
          padding=me.Padding(left=12),
        ),
      )
=======
def sidenav():
    with me.box(
        style=me.Style(
            width=216,
            height="100%",
            background=me.theme_var("surface-container-low"),
            padding=me.Padding.all(16),
        )
    ):
        with me.box(
            style=me.Style(
                padding=me.Padding(top=24),
                display="flex",
                flex_direction="column",
                gap=8,
            ),
        ):
            me.text(
                "Sidenav",
                style=me.Style(
                    font_weight=500,
                    letter_spacing="0.4px",
                    padding=me.Padding(left=12),
                ),
            )
            menu_options = ["Home", "Profile", "Settings", "Logout"]
            for option in menu_options:
                me.text(
                    option,
                    style=me.Style(
                        font_weight=400,
                        letter_spacing="0.4px",
                        padding=me.Padding.symmetric(vertical=8, horizontal=12),
                        border=me.Border(
                            bottom=me.BorderSide(width=1, color=me.theme_var("outline"))
                        ),
                    ),
                )
>>>>>>> UPDATED