<<<<<<< ORIGINAL
    # Footer
    with me.box(
      style=me.Style(
        background=me.theme_var("surface"),
        padding=me.Padding.all(16),
        text_align="center",
        border=me.Border(
          top=me.BorderSide(width=1, color=me.theme_var("outline"))
        ),
      )
    ):
      me.text("Â© 2024 My App. All rights reserved.", type="caption")
=======
>>>>>>> UPDATED
