<<<<<<< ORIGINAL
      me.text(
        "Sidenav",
        style=me.Style(
          font_weight=500,
          letter_spacing="0.4px",
          padding=me.Padding(left=12),
        ),
      )
=======
      pass
>>>>>>> UPDATED