align the thumbs up thumbs down buttons to the left