<<<<<<< ORIGINAL
def body():
  with me.box(
    style=me.Style(
      background=me.theme_var("background"),
      flex_grow=1,
      padding=me.Padding(
        left=32,
        right=32,
        top=32,
        bottom=64,
      ),
      border_radius=16,
      overflow_y="auto",
    )
  ):
    me.text("Body")
=======
def body():
  with me.box(
    style=me.Style(
      background=me.theme_var("background"),
      flex_grow=1,
      padding=me.Padding(
        left=32,
        right=32,
        top=32,
        bottom=64,
      ),
      border_radius=16,
      overflow_y="auto",
    )
  ):
    me.text("Body", style=me.Style(
      font_size=18,
      font_weight=400,
      color=me.theme_var("on-background"),
      margin=me.Margin(bottom=24)
    ))
    grid_of_cards()
    
def grid_of_cards():
  with me.box(
    style=me.Style(
      display="grid",
      grid_template_columns="repeat(auto-fill, minmax(200px, 1fr))",
      gap=16,
      padding=me.Padding(bottom=32)
    )
  ):
    for i in range(6):
      card()
      
def card():
  with me.box(
    style=me.Style(
      background=me.theme_var("surface"),
      border_radius=12,
      padding=me.Padding.all(16),
      box_shadow="0 2px 4px rgba(0, 0, 0, 0.1)",
      display="flex",
      flex_direction="column",
      gap=12
    )
  ):
    me.text("Card Title", style=me.Style(
      font_size=16,
      font_weight=500,
      color=me.theme_var("on-surface"),
    ))
    me.text("This is some content for the card. You can add more components here.", style=me.Style(
      font_size=14,
      color=me.theme_var("on-surface-variant"),
    ))
    with me.box(
      style=me.Style(
        display="flex",
        justify_content="end",
        margin=me.Margin(top=8),
      )
    ):
      me.button("Action", on_click=card_action, type="flat")
      
def card_action(e: me.ClickEvent):
  print("Card action clicked")
>>>>>>> UPDATED