<<<<<<< ORIGINAL
@me.page(path="/ai")
def page():
  state = me.state(State)
  with me.box(
    style=me.Style(
      color=me.theme_var("on-surface"),
      background=me.theme_var("surface-container-lowest"),
      display="flex",
      flex_direction="column",
      height="100%",
      padding=me.Padding.all(15),
    )
  ):
=======
@me.page(path="/ai")
def page():
  state = me.state(State)
  with me.box(
    style=me.Style(
      color=me.theme_var("on-surface"),
      background=me.theme_var("surface-container-lowest"),
      display="flex",
      flex_direction="column",
      height="100%",
      padding=me.Padding.all(15),
      max_width=800,  # Set maximum width for chat container
      margin=me.Margin.symmetric(horizontal="auto"),  # Center the container
    )
  ):
>>>>>>> UPDATED