Add thumbs up and thumbs down buttons to bot response
