<<<<<<< ORIGINAL
@me.page(path="/simple")
def page():
  me.text("Hello, world!")
=======
@me.page(path="/simple")
def page():
  me.text("Hello, world!")
  me.button("Button")
>>>>>>> UPDATED
