<<<<<<< ORIGINAL
        # User chat message
        if msg.role == "user":
          with me.box(
            style=me.Style(display="flex", gap=15, margin=me.Margin.all(20))
          ):
            # User avatar/icon box
            me.text(
              "U",
              style=me.Style(
                background=me.theme_var("primary"),
                border_radius="50%",
                color=me.theme_var("on-primary"),
                font_size=20,
                height=40,
                width=40,
                text_align="center",
                line_height="1",
                padding=me.Padding(top=10),
                margin=me.Margin(top=16),
              ),
            )
            # User query
            me.markdown(msg.content)
=======
        # User chat message
        if msg.role == "user":
          with me.box(
            style=me.Style(
              background=me.theme_var("primary-container"),
              border_radius=12,
              padding=me.Padding.all(12),
              margin=me.Margin.symmetric(vertical=8, horizontal=20),
              display="flex",
              align_items="center",
              max_width="75%",
              box_shadow="0 2px 4px rgba(0, 0, 0, 0.1)",
            )
          ):
            # User avatar/icon box
            me.text(
              "U",
              style=me.Style(
                background=me.theme_var("primary"),
                border_radius="50%",
                color=me.theme_var("on-primary"),
                font_size=16,
                height=32,
                width=32,
                text_align="center",
                line_height="1",
                padding=me.Padding(top=6),
                margin=me.Margin(right=12),
              ),
            )
            # User query
            me.markdown(msg.content, style=me.Style(
              color=me.theme_var("on-primary-container"),
              font_size=14,
              line_height="1.5",
            ))
>>>>>>> UPDATED
