<<<<<<< ORIGINAL
      native_textarea(
        value=state.input,
        autosize=True,
        min_rows=4,
        placeholder="Enter your prompt",
        style=me.Style(
          padding=me.Padding(top=16, left=16),
          background="white",
          outline="none",
          width="100%",
          overflow_y="auto",
          border=me.Border.all(
            me.BorderSide(style="none"),
          ),
        ),
        on_blur=textarea_on_blur,
      )
=======
      native_textarea(
        value=state.input,
        autosize=True,
        min_rows=6,
        max_rows=10,
        placeholder="Enter your prompt",
        style=me.Style(
          padding=me.Padding(top=16, left=16),
          background="white",
          outline="none",
          width="100%",
          overflow_y="auto",
          border=me.Border.all(
            me.BorderSide(style="none"),
          ),
        ),
        on_blur=textarea_on_blur,
      )
>>>>>>> UPDATED