<<<<<<< ORIGINAL
      # Sidebar
      if state.sidebar_open:
        with me.box(
          style=me.Style(
            width=250,
            background=me.theme_var("surface"),
            padding=me.Padding.all(16),
            border=me.Border(
              right=me.BorderSide(width=1, color=me.theme_var("outline"))
            ),
          )
        ):
          me.text("Sidebar", type="subtitle-1")
          me.text("Menu Item 1")
          me.text("Menu Item 2")
          me.text("Menu Item 3")
=======
      # Sidebar
      if state.sidebar_open:
        with me.box(
          style=me.Style(
            width=300,
            background=me.theme_var("surface"),
            padding=me.Padding.all(24),
            border=me.Border(
              right=me.BorderSide(width=1, color=me.theme_var("outline"))
            ),
          )
        ):
          me.text("Sidebar", type="headline-5", style=me.Style(margin=me.Margin(bottom=16)))
          with me.box(style=me.Style(display="flex", flex_direction="column", gap=12)):
            for item in ["Menu Item 1", "Menu Item 2", "Menu Item 3"]:
              me.text(item, type="body-1", style=me.Style(padding=me.Padding.symmetric(vertical=8)))
>>>>>>> UPDATED
