<<<<<<< ORIGINAL
              with me.box(
                style=me.Style(
                  display="flex",
                  gap=10,
                  margin=me.Margin(top=8),
                  align_self="end",  # Align buttons to the end
                )
              ):
                with me.content_button(
                  type="icon",
                  style=me.Style(
                    background=me.theme_var("surface-container-low"),
                  ),
                ):
                  me.icon("thumb_up")
                with me.content_button(
                  type="icon",
                  style=me.Style(
                    background=me.theme_var("surface-container-low"),
                  ),
                ):
                  me.icon("thumb_down")
=======
              with me.box(
                style=me.Style(
                  display="flex",
                  gap=10,
                  margin=me.Margin(top=8),
                  align_self="start",  # Align buttons to the start (left)
                )
              ):
                with me.content_button(
                  type="icon",
                  style=me.Style(
                    background=me.theme_var("surface-container-low"),
                  ),
                ):
                  me.icon("thumb_up")
                with me.content_button(
                  type="icon",
                  style=me.Style(
                    background=me.theme_var("surface-container-low"),
                  ),
                ):
                  me.icon("thumb_down")
>>>>>>> UPDATED